// Jest Snapshot v1, https://goo.gl/fbAQLP

exports[`SearchInput matches snapshot 1`] = `
<View
  style={
    {
      "padding": 16,
    }
  }
>
  <TextInput
    accessibilityLabel="Search"
    onChangeText={[MockFunction]}
    placeholder="Search"
    style={
      {
        "borderColor": "#999",
        "borderRadius": 8,
        "borderWidth": 0.5,
        "fontSize": 16,
        "marginBottom": 12,
        "padding": 12,
        "width": "100%",
      }
    }
    value="jackpot"
  />
</View>
`;
